// Jest Snapshot v1, https://goo.gl/fbAQLP

exports[`ServiceIcon should render the component without crashing 1`] = `
<div
  className="service-icon"
  onClick={[MockFunction]}
  onMouseOut={[MockFunction]}
  onMouseOver={[MockFunction]}
>
  <FontAwesomeIcon
    border={false}
    className=""
    fixedWidth={false}
    flip={null}
    icon="github"
    inverse={false}
    listItem={false}
    mask={null}
    pull={null}
    pulse={false}
    rotation={null}
    size="4x"
    spin={false}
    symbol={false}
    title=""
    transform={null}
  />
</div>
`;
